
> shraddha@0.0.0 build
> next build

   Γû▓ Next.js 15.5.19
   - Environments: .env
   - Experiments (use with caution):
     ┬╖ optimizePackageImports

   Creating an optimized production build ...
 Γ£ô Compiled successfully in 7.1s
   Skipping linting
   Checking validity of types ...
   Collecting page data ...
   Generating static pages (0/57) ...
≡ƒöº API Base URL: http://localhost:5000/api
≡ƒöº API Base URL: http://localhost:5000/api
≡ƒöº API Base URL: http://localhost:5000/api
≡ƒöº Homepage API Base: http://localhost:5000/api
   Generating static pages (14/57) 
   Generating static pages (28/57) 
   Generating static pages (42/57) 
 Γ£ô Generating static pages (57/57)
   Finalizing page optimization ...
   Collecting build traces ...
